AR cuadro01 behavioral /home/edwar/VHDL_2015/cuadro_vga/cuadro01.vhd sub00/vhpl09 1431788026
AR ftc_mxilinx_vgat behavioral /home/ned/Descargas/cuadro_vga/VGAT.vhf sub00/vhpl05 1475550962
EN vga_controller_640_60 NULL /home/ned/Descargas/cuadro_vga/vga_controller_640_60.vhd sub00/vhpl00 1475550957
EN ftc_mxilinx_vgat NULL /home/ned/Descargas/cuadro_vga/VGAT.vhf sub00/vhpl04 1475550961
AR vga_controller_640_60 behavioral /home/ned/Descargas/cuadro_vga/vga_controller_640_60.vhd sub00/vhpl01 1475550958
EN cuadro01 NULL /home/edwar/VHDL_2015/cuadro_vga/cuadro01.vhd sub00/vhpl08 1431788025
AR vgat behavioral /home/ned/Descargas/cuadro_vga/VGAT.vhf sub00/vhpl07 1475550964
EN pintar NULL /home/ned/Descargas/cuadro_vga/pintar.vhd sub00/vhpl02 1475550959
EN vgat NULL /home/ned/Descargas/cuadro_vga/VGAT.vhf sub00/vhpl06 1475550963
AR pintar behavioral /home/ned/Descargas/cuadro_vga/pintar.vhd sub00/vhpl03 1475550960
