V3 18
FL /home/nedzib/Documentos/VHDL/VGA-FPGA/pintar.vhd 2018/09/14.17:48:05 P.20131013
EN work/pintar 1536985043 FL /home/nedzib/Documentos/VHDL/VGA-FPGA/pintar.vhd \
      PB ieee/std_logic_1164 1381692176 PB ieee/std_logic_arith 1381692177 \
      PB ieee/STD_LOGIC_UNSIGNED 1381692179
AR work/pintar/Behavioral 1536985044 \
      FL /home/nedzib/Documentos/VHDL/VGA-FPGA/pintar.vhd EN work/pintar 1536985043
FL /home/nedzib/Documentos/VHDL/VGA-FPGA/VGAT.vhf 2018/09/14.23:17:08 P.20131013
EN work/FTC_MXILINX_VGAT 1536985045 \
      FL /home/nedzib/Documentos/VHDL/VGA-FPGA/VGAT.vhf PB ieee/std_logic_1164 1381692176 \
      PB ieee/NUMERIC_STD 1381692181 LB UNISIM PH unisim/VCOMPONENTS 1381692182
AR work/FTC_MXILINX_VGAT/BEHAVIORAL 1536985046 \
      FL /home/nedzib/Documentos/VHDL/VGA-FPGA/VGAT.vhf EN work/FTC_MXILINX_VGAT 1536985045 \
      CP XOR2 CP FDC
EN work/VGAT 1536985047 \
      FL /home/nedzib/Documentos/VHDL/VGA-FPGA/VGAT.vhf PB ieee/std_logic_1164 1381692176 \
      PB ieee/NUMERIC_STD 1381692181 LB UNISIM PH unisim/VCOMPONENTS 1381692182
AR work/VGAT/BEHAVIORAL 1536985048 \
      FL /home/nedzib/Documentos/VHDL/VGA-FPGA/VGAT.vhf EN work/VGAT 1536985047 \
      CP vga_controller_640_60 CP FTC_MXILINX_VGAT CP VCC CP pintar
FL /home/nedzib/Documentos/VHDL/VGA-FPGA/vga_controller_640_60.vhd 2018/09/14.17:47:48 P.20131013
EN work/vga_controller_640_60 1536985041 \
      FL /home/nedzib/Documentos/VHDL/VGA-FPGA/vga_controller_640_60.vhd \
      PB ieee/std_logic_1164 1381692176 PB ieee/std_logic_arith 1381692177 \
      PB ieee/STD_LOGIC_UNSIGNED 1381692179 LB UNISIM PH unisim/VCOMPONENTS 1381692182
AR work/vga_controller_640_60/Behavioral 1536985042 \
      FL /home/nedzib/Documentos/VHDL/VGA-FPGA/vga_controller_640_60.vhd \
      EN work/vga_controller_640_60 1536985041
